================================================================================
  BBMP AGENTIC GOVERNANCE SYSTEM - API SERVER
================================================================================

  🏛️  Automating Transparent Governance with AI Agents

  API running at: http://localhost:5000
  Health check: http://localhost:5000/api/health

================================================================================

 * Serving Flask app 'api'
 * Debug mode: on
WARNING: This is a development server. Do not use it in a production deployment. Use a production WSGI server instead.
 * Running on all addresses (0.0.0.0)
 * Running on http://127.0.0.1:5000
 * Running on http://21.0.0.106:5000
Press CTRL+C to quit
 * Restarting with stat
================================================================================
  BBMP AGENTIC GOVERNANCE SYSTEM - API SERVER
================================================================================

  🏛️  Automating Transparent Governance with AI Agents

  API running at: http://localhost:5000
  Health check: http://localhost:5000/api/health

================================================================================

 * Debugger is active!
 * Debugger PIN: 121-390-658
127.0.0.1 - - [16/Nov/2025 01:15:58] "GET /api/health HTTP/1.1" 200 -
